<<<<<<< HEAD
11710
=======
11731
>>>>>>> f231823d3 (Revert #5677 (More efficient Value.geq and leq) (#5796))
