<<<<<<< HEAD
2741
=======
2725
>>>>>>> f231823d3 (Revert #5677 (More efficient Value.geq and leq) (#5796))
